// Jest Snapshot v1, https://goo.gl/fbAQLP

exports[`Should Footer to match snapshot 1`] = `
<div
  className="CcFooter"
>
  Footer
</div>
`;
